../Core/Src/main.c:77:1:__io_putchar	16	static
../Core/Src/main.c:92:6:readDiodes	80	static
../Core/Src/main.c:144:6:delay_us	16	static
../Core/Src/main.c:150:6:spec_pulse_clock	24	static
../Core/Src/main.c:166:6:readSpectrometer	24	static
../Core/Src/main.c:202:6:printSpectrometerData	16	static
../Core/Src/main.c:217:5:main	8	static
../Core/Src/main.c:286:6:SystemClock_Config	96	static
../Core/Src/main.c:347:13:MX_ADC1_Init	32	static
../Core/Src/main.c:423:13:MX_COMP1_Init	8	static
../Core/Src/main.c:457:13:MX_DAC1_Init	48	static
../Core/Src/main.c:500:13:MX_TIM6_Init	24	static
../Core/Src/main.c:538:13:MX_USART2_UART_Init	8	static
../Core/Src/main.c:571:13:MX_DMA_Init	16	static
../Core/Src/main.c:589:13:MX_GPIO_Init	40	static
../Core/Src/main.c:628:6:Error_Handler	4	static,ignoring_inline_asm
