../Core/Src/main.c:79:1:__io_putchar	16	static
../Core/Src/main.c:94:6:readDiodes	88	static
../Core/Src/main.c:153:6:delay_us	16	static
../Core/Src/main.c:159:6:spec_pulse_clock	24	static
../Core/Src/main.c:172:6:set_int_cycles_Spectrometer	24	static
../Core/Src/main.c:203:6:readSpectrometer	24	static
../Core/Src/main.c:239:6:printSpectrometerData	16	static
../Core/Src/main.c:255:5:main	8	static
../Core/Src/main.c:328:6:SystemClock_Config	96	static
../Core/Src/main.c:389:13:MX_ADC1_Init	32	static
../Core/Src/main.c:467:13:MX_COMP1_Init	8	static
../Core/Src/main.c:501:13:MX_DAC1_Init	48	static
../Core/Src/main.c:544:13:MX_TIM6_Init	24	static
../Core/Src/main.c:582:13:MX_TIM7_Init	24	static
../Core/Src/main.c:620:13:MX_USART2_UART_Init	8	static
../Core/Src/main.c:653:13:MX_DMA_Init	16	static
../Core/Src/main.c:671:13:MX_GPIO_Init	40	static
../Core/Src/main.c:710:6:Error_Handler	4	static,ignoring_inline_asm
